midi.c:29:6:midi_main	8	static
midi.c:39:15:midi_init	16	static
midi.c:54:6:midi_voice_init	16	static
midi.c:61:17:midi_buffer_enqueue	16	static
midi.c:66:17:midi_buffer_dequeue	16	static
midi.c:71:5:midi_buffer_is_empty	8	static
midi.c:80:5:midi_event_is_generated	16	static
midi.c:174:6:midi_set_note_on	16	static
midi.c:188:6:midi_set_note_off	16	static
midi.c:202:6:midi_set_pitch_bend	16	static
midi.c:214:6:midi_set_control_change	4	static
midi.c:219:6:midi_set_program_change	4	static
midi.c:224:6:midi_analyze_event	8	static
